// Jest Snapshot v1, https://goo.gl/fbAQLP

exports[`#sprockets/super/components/title <Title /> With additional props matches the snapshot 1`] = `
<legend
  className="title"
>
  <span
    className="text-content"
  >
    MOCK TITLE
  </span>
</legend>
`;

exports[`#sprockets/super/components/title <Title /> With required props matches the snapshot 1`] = `null`;
